// Jest Snapshot v1, https://goo.gl/fbAQLP

exports[`matches snapshot 1`] = `
<DocumentFragment>
  <div
    class="pt-5"
  >
    <div
      class="Homepage"
    >
      <div
        class="container col-md-6 offset-md-3 col-lg-4 offset-lg-4 text-center"
      >
        <div
          class="card"
        >
          <h1
            class="mb-4 font-weight-bold"
          >
            Weather Advisor
          </h1>
          <p
            class="lead font-weight-bold"
          >
            Track the weather in your favorite places and get advice on it
          </p>
          <h2>
            Welcome Back, testuser!
          </h2>
        </div>
      </div>
    </div>
  </div>
</DocumentFragment>
`;
